#-----------------------------------------------------------
# Vivado v2020.2 (64-bit)
# SW Build 3064766 on Wed Nov 18 09:12:45 MST 2020
# IP Build 3064653 on Wed Nov 18 14:17:31 MST 2020
# Start of session at: Thu Mar 25 13:44:34 2021
# Process ID: 17584
# Current directory: C:/Users/GAO/Desktop/Computer-Orgnization/Project/barrelShifter
# Command line: vivado.exe -gui_launcher_event rodinguilauncherevent16684 C:\Users\GAO\Desktop\Computer-Orgnization\Project\barrelShifter\barrelShifter.xpr
# Log file: C:/Users/GAO/Desktop/Computer-Orgnization/Project/barrelShifter/vivado.log
# Journal file: C:/Users/GAO/Desktop/Computer-Orgnization/Project/barrelShifter\vivado.jou
#-----------------------------------------------------------
start_gui
open_project C:/Users/GAO/Desktop/Computer-Orgnization/Project/barrelShifter/barrelShifter.xpr
update_compile_order -fileset sources_1
launch_simulation
source tb_barrelShifter.tcl
close_sim
launch_simulation
source tb_barrelShifter.tcl
close_sim
launch_simulation
source tb_barrelShifter.tcl
close_sim
launch_simulation
source tb_barrelShifter.tcl
close_sim
launch_simulation
source tb_barrelShifter.tcl
close_sim
