#-----------------------------------------------------------
# Vivado v2020.2 (64-bit)
# SW Build 3064766 on Wed Nov 18 09:12:45 MST 2020
# IP Build 3064653 on Wed Nov 18 14:17:31 MST 2020
# Start of session at: Sat Apr 24 23:00:58 2021
# Process ID: 10244
# Current directory: C:/Users/GAO/Desktop/Computer-Orgnization-ARM-/Project/3.regFile
# Command line: vivado.exe -gui_launcher_event rodinguilauncherevent7336 C:\Users\GAO\Desktop\Computer-Orgnization-ARM-\Project\3.regFile\regFile.xpr
# Log file: C:/Users/GAO/Desktop/Computer-Orgnization-ARM-/Project/3.regFile/vivado.log
# Journal file: C:/Users/GAO/Desktop/Computer-Orgnization-ARM-/Project/3.regFile\vivado.jou
#-----------------------------------------------------------
start_gui
open_project C:/Users/GAO/Desktop/Computer-Orgnization-ARM-/Project/3.regFile/regFile.xpr
update_compile_order -fileset sources_1
update_compile_order -fileset sources_1
update_compile_order -fileset sources_1
update_compile_order -fileset sources_1
update_compile_order -fileset sources_1
update_compile_order -fileset sources_1
update_compile_order -fileset sources_1
update_compile_order -fileset sources_1
update_compile_order -fileset sources_1
update_compile_order -fileset sources_1
update_compile_order -fileset sources_1
update_compile_order -fileset sources_1
update_compile_order -fileset sources_1
reset_run synth_1
launch_runs synth_1 -jobs 16
wait_on_run synth_1
launch_simulation
source regFile_tb.tcl
close_sim
