#-----------------------------------------------------------
# Vivado v2020.2 (64-bit)
# SW Build 3064766 on Wed Nov 18 09:12:45 MST 2020
# IP Build 3064653 on Wed Nov 18 14:17:31 MST 2020
# Start of session at: Sun Apr 25 00:15:52 2021
# Process ID: 3832
# Current directory: C:/Users/gao/Desktop/Computer-Orgnization-ARM-/Project/3.regFile
# Command line: vivado.exe -gui_launcher_event rodinguilauncherevent3204 C:\Users\gao\Desktop\Computer-Orgnization-ARM-\Project\3.regFile\regFile.xpr
# Log file: C:/Users/gao/Desktop/Computer-Orgnization-ARM-/Project/3.regFile/vivado.log
# Journal file: C:/Users/gao/Desktop/Computer-Orgnization-ARM-/Project/3.regFile\vivado.jou
#-----------------------------------------------------------
start_gui
open_project C:/Users/gao/Desktop/Computer-Orgnization-ARM-/Project/3.regFile/regFile.xpr
update_compile_order -fileset sources_1
launch_simulation
source regFile_tb.tcl
close_sim
launch_simulation
source regFile_tb.tcl
update_compile_order -fileset sources_1
update_compile_order -fileset sources_1
close_sim
launch_simulation
source regFile_tb.tcl
save_wave_config {C:/Users/gao/Desktop/1.wcfg}
close_sim
launch_simulation
source regFile_tb.tcl
close_sim
launch_simulation
source regFile_tb.tcl
close_sim
