#-----------------------------------------------------------
# Vivado v2020.2 (64-bit)
# SW Build 3064766 on Wed Nov 18 09:12:45 MST 2020
# IP Build 3064653 on Wed Nov 18 14:17:31 MST 2020
# Start of session at: Tue Apr 27 09:36:34 2021
# Process ID: 7728
# Current directory: C:/Users/GAO/Desktop/Computer-Orgnization-ARM-/Project/3.regFile
# Command line: vivado.exe -gui_launcher_event rodinguilauncherevent7520 C:\Users\GAO\Desktop\Computer-Orgnization-ARM-\Project\3.regFile\regFile.xpr
# Log file: C:/Users/GAO/Desktop/Computer-Orgnization-ARM-/Project/3.regFile/vivado.log
# Journal file: C:/Users/GAO/Desktop/Computer-Orgnization-ARM-/Project/3.regFile\vivado.jou
#-----------------------------------------------------------
start_gui
open_project C:/Users/GAO/Desktop/Computer-Orgnization-ARM-/Project/3.regFile/regFile.xpr
# Disabling source management mode.  This is to allow the top design properties to be set without GUI intervention.
set_property source_mgmt_mode None [current_project]
set_property top tb_regFile_implementation [get_filesets sim_1]
set_property top_lib xil_defaultlib [get_filesets sim_1]
# Re-enabling previously disabled source management mode.
set_property source_mgmt_mode DisplayOnly [current_project]
launch_simulation
source tb_regFile_implementation.tcl
close_sim
launch_simulation
source tb_regFile_implementation.tcl
close_sim
launch_simulation
source tb_regFile_implementation.tcl
# Disabling source management mode.  This is to allow the top design properties to be set without GUI intervention.
set_property source_mgmt_mode None [current_project]
set_property top tb_regFile [get_filesets sim_1]
set_property top_lib xil_defaultlib [get_filesets sim_1]
# Re-enabling previously disabled source management mode.
set_property source_mgmt_mode DisplayOnly [current_project]
launch_simulation
close_sim
launch_simulation
source tb_regFile.tcl
close_sim
launch_simulation
source tb_regFile.tcl
# Disabling source management mode.  This is to allow the top design properties to be set without GUI intervention.
set_property source_mgmt_mode None [current_project]
set_property top tb_regFile_implementation [get_filesets sim_1]
set_property top_lib xil_defaultlib [get_filesets sim_1]
# Re-enabling previously disabled source management mode.
set_property source_mgmt_mode DisplayOnly [current_project]
launch_simulation
close_sim
launch_simulation
source tb_regFile_implementation.tcl
reset_run synth_1
launch_runs impl_1 -jobs 16
wait_on_run impl_1
open_run impl_1
reset_run synth_1
launch_runs impl_1 -jobs 16
wait_on_run impl_1
reset_run synth_1
launch_runs impl_1 -jobs 16
wait_on_run impl_1
refresh_design
reset_run synth_1
launch_runs impl_1 -jobs 16
wait_on_run impl_1
refresh_design
reset_run synth_1
launch_runs impl_1 -jobs 16
wait_on_run impl_1
close [ open C:/Users/GAO/Desktop/Computer-Orgnization-ARM-/Project/3.regFile/regFile.srcs/sources_1/new/regFile_2.v w ]
add_files C:/Users/GAO/Desktop/Computer-Orgnization-ARM-/Project/3.regFile/regFile.srcs/sources_1/new/regFile_2.v
# Disabling source management mode.  This is to allow the top design properties to be set without GUI intervention.
set_property source_mgmt_mode None [current_project]
set_property top regFile_2 [current_fileset]
# Re-enabling previously disabled source management mode.
set_property source_mgmt_mode DisplayOnly [current_project]
close_design
reset_run synth_1
launch_runs impl_1 -jobs 16
wait_on_run impl_1
open_run impl_1
reset_run synth_1
launch_runs impl_1 -jobs 16
wait_on_run impl_1
refresh_design
close_sim
launch_simulation
launch_simulation
source tb_regFile_implementation.tcl
close_sim
launch_simulation
source tb_regFile_implementation.tcl
reset_run synth_1
launch_runs impl_1 -jobs 16
wait_on_run impl_1
refresh_design
reset_run synth_1
launch_runs impl_1 -jobs 16
wait_on_run impl_1
close_sim
launch_simulation
source tb_regFile_implementation.tcl
reset_run synth_1
launch_runs impl_1 -jobs 16
wait_on_run impl_1
reset_run synth_1
launch_runs impl_1 -jobs 16
wait_on_run impl_1
refresh_design
reset_run synth_1
launch_runs impl_1 -jobs 16
wait_on_run impl_1
refresh_design
reset_run synth_1
launch_runs impl_1 -jobs 16
wait_on_run impl_1
refresh_design
# Disabling source management mode.  This is to allow the top design properties to be set without GUI intervention.
set_property source_mgmt_mode None [current_project]
set_property top regFile [current_fileset]
# Re-enabling previously disabled source management mode.
set_property source_mgmt_mode DisplayOnly [current_project]
reset_run synth_1
launch_runs impl_1 -jobs 16
wait_on_run impl_1
refresh_design
reset_run synth_1
launch_runs impl_1 -jobs 16
wait_on_run impl_1
refresh_design
