#-----------------------------------------------------------
# Vivado v2020.2 (64-bit)
# SW Build 3064766 on Wed Nov 18 09:12:45 MST 2020
# IP Build 3064653 on Wed Nov 18 14:17:31 MST 2020
# Start of session at: Mon Apr 19 21:50:22 2021
# Process ID: 1588
# Current directory: C:/Users/GAO/Desktop/Computer-Orgnization-ARM-/Project/2.ALU
# Command line: vivado.exe -gui_launcher_event rodinguilauncherevent18480 C:\Users\GAO\Desktop\Computer-Orgnization-ARM-\Project\2.ALU\ALU.xpr
# Log file: C:/Users/GAO/Desktop/Computer-Orgnization-ARM-/Project/2.ALU/vivado.log
# Journal file: C:/Users/GAO/Desktop/Computer-Orgnization-ARM-/Project/2.ALU\vivado.jou
#-----------------------------------------------------------
start_gui
open_project C:/Users/GAO/Desktop/Computer-Orgnization-ARM-/Project/2.ALU/ALU.xpr
update_compile_order -fileset sources_1
# Disabling source management mode.  This is to allow the top design properties to be set without GUI intervention.
set_property source_mgmt_mode None [current_project]
set_property top ALU_barrelShifter [current_fileset]
# Re-enabling previously disabled source management mode.
set_property source_mgmt_mode All [current_project]
update_compile_order -fileset sources_1
synth_design -rtl -rtl_skip_mlo -name rtl_1
synth_design -rtl -rtl_skip_mlo -name rtl_1
synth_design -rtl -rtl_skip_mlo -name rtl_1
synth_design -rtl -rtl_skip_mlo -name rtl_1
reset_run synth_1
launch_runs impl_1 -to_step write_bitstream -jobs 16
wait_on_run impl_1
reset_run synth_1
# Disabling source management mode.  This is to allow the top design properties to be set without GUI intervention.
set_property source_mgmt_mode None [current_project]
set_property top Board [current_fileset]
# Re-enabling previously disabled source management mode.
set_property source_mgmt_mode All [current_project]
update_compile_order -fileset sources_1
refresh_design
